[2025-05-19 21:11:15] [info] Bypassing cache for debugging xvideos video 52617199
[2025-05-19 21:11:15] [info] Cache miss for xvideos video 52617199
[2025-05-19 21:11:15] [info] Fetching xvideos video 52617199
[2025-05-19 21:11:15] [error] HTTP error: 404 for URL: https://www.xvideos.com/video52617199/
[2025-05-19 21:11:15] [info] Failed to fetch xvideos content from mobile URL, trying desktop version
[2025-05-19 21:11:16] [error] HTTP error: 404 for URL: https://www.xvideos.com/video52617199/
[2025-05-19 21:11:16] [error] Failed to fetch xvideos content
[2025-05-19 21:11:16] [warning] No results found for xvideos video 52617199
[2025-05-19 21:11:42] [info] Bypassing cache for debugging xvideos video video52617199
[2025-05-19 21:11:42] [info] Cache miss for xvideos video video52617199
[2025-05-19 21:11:42] [info] Fetching xvideos video video52617199
[2025-05-19 21:11:42] [error] HTTP error: 404 for URL: https://www.xvideos.com/videovideo52617199/
[2025-05-19 21:11:42] [info] Failed to fetch xvideos content from mobile URL, trying desktop version
[2025-05-19 21:11:42] [error] HTTP error: 404 for URL: https://www.xvideos.com/videovideo52617199/
[2025-05-19 21:11:42] [error] Failed to fetch xvideos content
[2025-05-19 21:11:42] [warning] No results found for xvideos video video52617199
[2025-05-19 21:12:00] [info] Bypassing cache for debugging xvideos video ohmdvok44a2
[2025-05-19 21:12:00] [info] Cache miss for xvideos video ohmdvok44a2
[2025-05-19 21:12:00] [info] Fetching xvideos video ohmdvok44a2
[2025-05-19 21:12:00] [error] HTTP error: 404 for URL: https://www.xvideos.com/videoohmdvok44a2/
[2025-05-19 21:12:00] [info] Failed to fetch xvideos content from mobile URL, trying desktop version
[2025-05-19 21:12:00] [error] HTTP error: 404 for URL: https://www.xvideos.com/videoohmdvok44a2/
[2025-05-19 21:12:00] [error] Failed to fetch xvideos content
[2025-05-19 21:12:00] [warning] No results found for xvideos video ohmdvok44a2
[2025-05-19 21:16:39] [info] Bypassing cache for debugging xvideos video 52617199
[2025-05-19 21:16:39] [info] Cache miss for xvideos video 52617199
[2025-05-19 21:16:39] [info] Starting XVideos extraction for video ID: 52617199
[2025-05-19 21:16:39] [info] Trying direct page access with cookies: https://www.xvideos.com/video52617199/
[2025-05-19 21:16:39] [info] Fetching URL: https://www.xvideos.com/video52617199/ with referer: https://www.xvideos.com/
[2025-05-19 21:16:39] [info] Setting cookies: html5_pref=1; wpn_ad_cookie=1; xv_nbview=1; xv_view=1; age_verified=1; platform=pc; has_js=1; 
[2025-05-19 21:16:39] [error] HTTP error: 404 for URL: https://www.xvideos.com/video52617199/
[2025-05-19 21:16:39] [info] Failed to fetch XVideos page, trying alternative method
[2025-05-19 21:16:39] [error] Failed to extract XVideos content
[2025-05-19 21:16:39] [warning] No results found for xvideos video 52617199
[2025-05-19 21:16:46] [info] Bypassing cache for debugging xvideos video ohmdvok44a2
[2025-05-19 21:16:46] [info] Cache miss for xvideos video ohmdvok44a2
[2025-05-19 21:16:46] [info] Starting XVideos extraction for video ID: ohmdvok44a2
[2025-05-19 21:16:46] [info] Trying direct page access with cookies: https://www.xvideos.com/videoohmdvok44a2/
[2025-05-19 21:16:46] [info] Fetching URL: https://www.xvideos.com/videoohmdvok44a2/ with referer: https://www.xvideos.com/
[2025-05-19 21:16:46] [info] Setting cookies: html5_pref=1; wpn_ad_cookie=1; xv_nbview=1; xv_view=1; age_verified=1; platform=pc; has_js=1; 
[2025-05-19 21:16:46] [error] HTTP error: 404 for URL: https://www.xvideos.com/videoohmdvok44a2/
[2025-05-19 21:16:46] [info] Failed to fetch XVideos page, trying alternative method
[2025-05-19 21:16:46] [error] Failed to extract XVideos content
[2025-05-19 21:16:46] [warning] No results found for xvideos video ohmdvok44a2
[2025-05-19 21:17:33] [info] Bypassing cache for debugging xvideos video 52617199
[2025-05-19 21:17:33] [info] Cache miss for xvideos video 52617199
[2025-05-19 21:17:33] [info] Starting XVideos extraction for video ID: 52617199
[2025-05-19 21:17:33] [info] Trying direct page access with cookies: https://www.xvideos.com/video52617199/
[2025-05-19 21:17:33] [info] Fetching URL: https://www.xvideos.com/video52617199/ with referer: https://www.xvideos.com/
[2025-05-19 21:17:33] [info] Setting cookies: html5_pref=1; wpn_ad_cookie=1; xv_nbview=1; xv_view=1; age_verified=1; platform=pc; has_js=1; 
[2025-05-19 21:17:33] [error] HTTP error: 404 for URL: https://www.xvideos.com/video52617199/
[2025-05-19 21:17:33] [info] Failed to fetch XVideos page, trying alternative method
[2025-05-19 21:17:33] [error] Failed to extract XVideos content
[2025-05-19 21:17:33] [warning] No results found for xvideos video 52617199
[2025-05-19 21:26:42] [info] Bypassing cache for debugging xvideos video 52617199
[2025-05-19 21:26:42] [info] Cache miss for xvideos video 52617199
[2025-05-19 21:26:42] [info] Starting XVideos extraction for video ID: 52617199
[2025-05-19 21:26:42] [info] Numeric video ID detected, checking for redirects
[2025-05-19 21:26:42] [info] Checking for redirects: https://www.xvideos.com/video52617199/
[2025-05-19 21:26:42] [info] Fetching URL: https://www.xvideos.com/video52617199/ with referer: 
[2025-05-19 21:26:42] [error] HTTP error: 404 for URL: https://www.xvideos.com/video52617199/
[2025-05-19 21:26:42] [info] Final video URL: https://www.xvideos.com/video52617199/
[2025-05-19 21:26:42] [info] Fetching URL: https://www.xvideos.com/video52617199/ with referer: https://www.xvideos.com/
[2025-05-19 21:26:42] [info] Setting cookies: html5_pref=1; wpn_ad_cookie=1; xv_nbview=1; xv_view=1; age_verified=1; platform=pc; has_js=1; 
[2025-05-19 21:26:42] [error] HTTP error: 404 for URL: https://www.xvideos.com/video52617199/
[2025-05-19 21:26:42] [info] Failed to fetch XVideos page, trying embedded player
[2025-05-19 21:26:42] [info] Trying embedded player: https://www.xvideos.com/embedframe/52617199
[2025-05-19 21:26:42] [info] Fetching URL: https://www.xvideos.com/embedframe/52617199 with referer: https://www.xvideos.com/
[2025-05-19 21:26:42] [info] Setting cookies: html5_pref=1; wpn_ad_cookie=1; xv_nbview=1; xv_view=1; age_verified=1; platform=pc; has_js=1; 
[2025-05-19 21:26:43] [info] Using fallback thumbnail
[2025-05-19 21:26:43] [error] Failed to extract video URL from XVideos
[2025-05-19 21:26:43] [error] Failed to extract XVideos content
[2025-05-19 21:26:43] [warning] No results found for xvideos video 52617199
[2025-05-19 21:27:03] [info] Bypassing cache for debugging xvideos video 52617199
[2025-05-19 21:27:03] [info] Cache miss for xvideos video 52617199
[2025-05-19 21:27:03] [info] Starting XVideos extraction for video ID: 52617199
[2025-05-19 21:27:03] [info] Numeric video ID detected, checking for redirects
[2025-05-19 21:27:03] [info] Checking for redirects: https://www.xvideos.com/video52617199/
[2025-05-19 21:27:03] [info] Fetching URL: https://www.xvideos.com/video52617199/ with referer: 
[2025-05-19 21:27:03] [error] HTTP error: 404 for URL: https://www.xvideos.com/video52617199/
[2025-05-19 21:27:03] [info] Final video URL: https://www.xvideos.com/video52617199/
[2025-05-19 21:27:03] [info] Fetching URL: https://www.xvideos.com/video52617199/ with referer: https://www.xvideos.com/
[2025-05-19 21:27:03] [info] Setting cookies: html5_pref=1; wpn_ad_cookie=1; xv_nbview=1; xv_view=1; age_verified=1; platform=pc; has_js=1; 
[2025-05-19 21:27:03] [error] HTTP error: 404 for URL: https://www.xvideos.com/video52617199/
[2025-05-19 21:27:03] [info] Failed to fetch XVideos page, trying embedded player
[2025-05-19 21:27:03] [info] Trying embedded player: https://www.xvideos.com/embedframe/52617199
[2025-05-19 21:27:03] [info] Fetching URL: https://www.xvideos.com/embedframe/52617199 with referer: https://www.xvideos.com/
[2025-05-19 21:27:03] [info] Setting cookies: html5_pref=1; wpn_ad_cookie=1; xv_nbview=1; xv_view=1; age_verified=1; platform=pc; has_js=1; 
[2025-05-19 21:27:03] [info] Using fallback thumbnail
[2025-05-19 21:27:03] [error] Failed to extract video URL from XVideos
[2025-05-19 21:27:03] [error] Failed to extract XVideos content
[2025-05-19 21:27:03] [warning] No results found for xvideos video 52617199
[2025-05-19 21:47:10] [info] Bypassing cache for debugging xvideos video 9209455
[2025-05-19 21:47:10] [info] Cache miss for xvideos video 9209455
[2025-05-19 21:47:10] [info] Starting XVideos extraction for video ID: 9209455
[2025-05-19 21:47:10] [info] Numeric video ID detected, checking for redirects
[2025-05-19 21:47:10] [info] Checking for redirects: https://www.xvideos.com/video9209455/
[2025-05-19 21:47:10] [info] Fetching URL: https://www.xvideos.com/video9209455/ with referer: 
[2025-05-19 21:47:10] [error] HTTP error: 404 for URL: https://www.xvideos.com/video9209455/
[2025-05-19 21:47:10] [info] Final video URL: https://www.xvideos.com/video9209455/
[2025-05-19 21:47:10] [info] Fetching URL: https://www.xvideos.com/video9209455/ with referer: https://www.xvideos.com/
[2025-05-19 21:47:10] [info] Setting cookies: html5_pref=1; wpn_ad_cookie=1; xv_nbview=1; xv_view=1; age_verified=1; platform=pc; has_js=1; 
[2025-05-19 21:47:10] [error] HTTP error: 404 for URL: https://www.xvideos.com/video9209455/
[2025-05-19 21:47:10] [info] Failed to fetch XVideos page, trying embedded player
[2025-05-19 21:47:10] [info] Trying embedded player: https://www.xvideos.com/embedframe/9209455
[2025-05-19 21:47:10] [info] Fetching URL: https://www.xvideos.com/embedframe/9209455 with referer: https://www.xvideos.com/
[2025-05-19 21:47:10] [info] Setting cookies: html5_pref=1; wpn_ad_cookie=1; xv_nbview=1; xv_view=1; age_verified=1; platform=pc; has_js=1; 
[2025-05-19 21:47:10] [info] Using fallback thumbnail
[2025-05-19 21:47:10] [error] Failed to extract video URL from XVideos
[2025-05-19 21:47:10] [error] Failed to extract XVideos content
[2025-05-19 21:47:10] [warning] No results found for xvideos video 9209455
[2025-05-19 21:47:39] [info] Bypassing cache for debugging xvideos video 4646787000000
[2025-05-19 21:47:39] [info] Cache miss for xvideos video 4646787000000
[2025-05-19 21:47:39] [info] Starting XVideos extraction for video ID: 4646787000000
[2025-05-19 21:47:39] [info] Numeric video ID detected, checking for redirects
[2025-05-19 21:47:39] [info] Checking for redirects: https://www.xvideos.com/video4646787000000/
[2025-05-19 21:47:39] [info] Fetching URL: https://www.xvideos.com/video4646787000000/ with referer: 
[2025-05-19 21:47:39] [error] HTTP error: 404 for URL: https://www.xvideos.com/video4646787000000/
[2025-05-19 21:47:39] [info] Final video URL: https://www.xvideos.com/video4646787000000/
[2025-05-19 21:47:39] [info] Fetching URL: https://www.xvideos.com/video4646787000000/ with referer: https://www.xvideos.com/
[2025-05-19 21:47:39] [info] Setting cookies: html5_pref=1; wpn_ad_cookie=1; xv_nbview=1; xv_view=1; age_verified=1; platform=pc; has_js=1; 
[2025-05-19 21:47:39] [error] HTTP error: 404 for URL: https://www.xvideos.com/video4646787000000/
[2025-05-19 21:47:39] [info] Failed to fetch XVideos page, trying embedded player
[2025-05-19 21:47:39] [info] Trying embedded player: https://www.xvideos.com/embedframe/4646787000000
[2025-05-19 21:47:39] [info] Fetching URL: https://www.xvideos.com/embedframe/4646787000000 with referer: https://www.xvideos.com/
[2025-05-19 21:47:39] [info] Setting cookies: html5_pref=1; wpn_ad_cookie=1; xv_nbview=1; xv_view=1; age_verified=1; platform=pc; has_js=1; 
[2025-05-19 21:47:39] [error] HTTP error: 404 for URL: https://www.xvideos.com/embedframe/4646787000000
[2025-05-19 21:47:39] [info] Failed to fetch embedded player
[2025-05-19 21:47:39] [error] Failed to extract XVideos content
[2025-05-19 21:47:39] [warning] No results found for xvideos video 4646787000000
[2025-05-19 21:50:23] [info] Bypassing cache for debugging xvideos video 52617199
[2025-05-19 21:50:23] [info] Cache miss for xvideos video 52617199
[2025-05-19 21:50:23] [info] Starting XVideos extraction for video ID: 52617199
[2025-05-19 21:50:23] [info] Trying direct numeric ID approach
[2025-05-19 21:50:23] [info] Fetching URL: https://www.xvideos.com/video52617199/ with referer: https://www.xvideos.com/
[2025-05-19 21:50:23] [info] Setting cookies: html5_pref=1; wpn_ad_cookie=1; xv_nbview=1; xv_view=1; age_verified=1; platform=pc; has_js=1; 
[2025-05-19 21:50:23] [error] HTTP error: 404 for URL: https://www.xvideos.com/video52617199/ (Final URL: https://www.xvideos.com/video52617199/)
[2025-05-19 21:50:23] [info] Failed to access numeric ID URL, trying embedded player
[2025-05-19 21:50:23] [info] Fetching URL: https://www.xvideos.com/embedframe/52617199 with referer: https://www.xvideos.com/
[2025-05-19 21:50:23] [info] Setting cookies: html5_pref=1; wpn_ad_cookie=1; xv_nbview=1; xv_view=1; age_verified=1; platform=pc; has_js=1; 
[2025-05-19 21:50:23] [info] Successfully fetched URL: https://www.xvideos.com/embedframe/52617199 (Final URL: https://www.xvideos.com/embedframe/52617199)
[2025-05-19 21:50:23] [info] Trying alphanumeric ID approach for ID: 52617199
[2025-05-19 21:50:23] [info] Fetching URL: https://www.xvideos.com/video.52617199/ with referer: https://www.xvideos.com/
[2025-05-19 21:50:23] [info] Setting cookies: html5_pref=1; wpn_ad_cookie=1; xv_nbview=1; xv_view=1; age_verified=1; platform=pc; has_js=1; 
[2025-05-19 21:50:23] [error] HTTP error: 404 for URL: https://www.xvideos.com/video.52617199/ (Final URL: https://www.xvideos.com/video.52617199/)
[2025-05-19 21:50:23] [info] Failed to access alphanumeric ID URL, trying embedded player
[2025-05-19 21:50:23] [info] Fetching URL: https://www.xvideos.com/embedframe.52617199 with referer: https://www.xvideos.com/
[2025-05-19 21:50:23] [info] Setting cookies: html5_pref=1; wpn_ad_cookie=1; xv_nbview=1; xv_view=1; age_verified=1; platform=pc; has_js=1; 
[2025-05-19 21:50:23] [error] HTTP error: 404 for URL: https://www.xvideos.com/embedframe.52617199 (Final URL: https://www.xvideos.com/embedframe.52617199)
[2025-05-19 21:50:23] [info] Failed to access embedded player for alphanumeric ID
[2025-05-19 21:50:23] [info] All standard approaches failed, trying alternative method
[2025-05-19 21:50:23] [info] Fetching URL: https://www.xvideos.com/video52617199/ with referer: https://www.xvideos.com/
[2025-05-19 21:50:23] [info] Setting cookies: html5_pref=1; wpn_ad_cookie=1; xv_nbview=1; xv_view=1; age_verified=1; platform=pc; has_js=1; 
[2025-05-19 21:50:23] [error] HTTP error: 404 for URL: https://www.xvideos.com/video52617199/ (Final URL: https://www.xvideos.com/video52617199/)
[2025-05-19 21:50:23] [info] Failed to access URL with mobile user agent
[2025-05-19 21:50:23] [error] Failed to extract XVideos content
[2025-05-19 21:50:23] [warning] No results found for xvideos video 52617199
[2025-05-19 21:52:14] [info] Bypassing cache for debugging xvideos video 16729603
[2025-05-19 21:52:14] [info] Cache miss for xvideos video 16729603
[2025-05-19 21:52:14] [info] Starting XVideos extraction for video ID: 16729603
[2025-05-19 21:52:14] [info] Trying direct numeric ID approach
[2025-05-19 21:52:14] [info] Fetching URL: https://www.xvideos.com/video16729603/ with referer: https://www.xvideos.com/
[2025-05-19 21:52:14] [info] Setting cookies: html5_pref=1; wpn_ad_cookie=1; xv_nbview=1; xv_view=1; age_verified=1; platform=pc; has_js=1; 
[2025-05-19 21:52:14] [error] HTTP error: 404 for URL: https://www.xvideos.com/video16729603/ (Final URL: https://www.xvideos.com/video16729603/)
[2025-05-19 21:52:14] [info] Failed to access numeric ID URL, trying embedded player
[2025-05-19 21:52:14] [info] Fetching URL: https://www.xvideos.com/embedframe/16729603 with referer: https://www.xvideos.com/
[2025-05-19 21:52:14] [info] Setting cookies: html5_pref=1; wpn_ad_cookie=1; xv_nbview=1; xv_view=1; age_verified=1; platform=pc; has_js=1; 
[2025-05-19 21:52:15] [info] Successfully fetched URL: https://www.xvideos.com/embedframe/16729603 (Final URL: https://www.xvideos.com/embedframe/16729603)
[2025-05-19 21:52:15] [info] Trying alphanumeric ID approach for ID: 16729603
[2025-05-19 21:52:15] [info] Fetching URL: https://www.xvideos.com/video.16729603/ with referer: https://www.xvideos.com/
[2025-05-19 21:52:15] [info] Setting cookies: html5_pref=1; wpn_ad_cookie=1; xv_nbview=1; xv_view=1; age_verified=1; platform=pc; has_js=1; 
[2025-05-19 21:52:15] [error] HTTP error: 404 for URL: https://www.xvideos.com/video.16729603/ (Final URL: https://www.xvideos.com/video.16729603/)
[2025-05-19 21:52:15] [info] Failed to access alphanumeric ID URL, trying embedded player
[2025-05-19 21:52:15] [info] Fetching URL: https://www.xvideos.com/embedframe.16729603 with referer: https://www.xvideos.com/
[2025-05-19 21:52:15] [info] Setting cookies: html5_pref=1; wpn_ad_cookie=1; xv_nbview=1; xv_view=1; age_verified=1; platform=pc; has_js=1; 
[2025-05-19 21:52:15] [error] HTTP error: 404 for URL: https://www.xvideos.com/embedframe.16729603 (Final URL: https://www.xvideos.com/embedframe.16729603)
[2025-05-19 21:52:15] [info] Failed to access embedded player for alphanumeric ID
[2025-05-19 21:52:15] [info] All standard approaches failed, trying alternative method
[2025-05-19 21:52:15] [info] Fetching URL: https://www.xvideos.com/video16729603/ with referer: https://www.xvideos.com/
[2025-05-19 21:52:15] [info] Setting cookies: html5_pref=1; wpn_ad_cookie=1; xv_nbview=1; xv_view=1; age_verified=1; platform=pc; has_js=1; 
[2025-05-19 21:52:15] [error] HTTP error: 404 for URL: https://www.xvideos.com/video16729603/ (Final URL: https://www.xvideos.com/video16729603/)
[2025-05-19 21:52:15] [info] Failed to access URL with mobile user agent
[2025-05-19 21:52:15] [error] Failed to extract XVideos content
[2025-05-19 21:52:15] [warning] No results found for xvideos video 16729603
[2025-05-19 21:54:24] [info] Bypassing cache for debugging xvideos video 11704205
[2025-05-19 21:54:24] [info] Cache miss for xvideos video 11704205
[2025-05-19 21:54:24] [info] Starting XVideos extraction for video ID: 11704205
[2025-05-19 21:54:24] [info] Trying direct numeric ID approach
[2025-05-19 21:54:24] [info] Fetching URL: https://www.xvideos.com/video11704205/ with referer: https://www.xvideos.com/
[2025-05-19 21:54:24] [info] Setting cookies: html5_pref=1; wpn_ad_cookie=1; xv_nbview=1; xv_view=1; age_verified=1; platform=pc; has_js=1; 
[2025-05-19 21:54:24] [error] HTTP error: 404 for URL: https://www.xvideos.com/video11704205/ (Final URL: https://www.xvideos.com/video11704205/)
[2025-05-19 21:54:24] [info] Failed to access numeric ID URL, trying embedded player
[2025-05-19 21:54:24] [info] Fetching URL: https://www.xvideos.com/embedframe/11704205 with referer: https://www.xvideos.com/
[2025-05-19 21:54:24] [info] Setting cookies: html5_pref=1; wpn_ad_cookie=1; xv_nbview=1; xv_view=1; age_verified=1; platform=pc; has_js=1; 
[2025-05-19 21:54:24] [info] Successfully fetched URL: https://www.xvideos.com/embedframe/11704205 (Final URL: https://www.xvideos.com/embedframe/11704205)
[2025-05-19 21:54:24] [info] Trying alphanumeric ID approach for ID: 11704205
[2025-05-19 21:54:24] [info] Fetching URL: https://www.xvideos.com/video.11704205/ with referer: https://www.xvideos.com/
[2025-05-19 21:54:24] [info] Setting cookies: html5_pref=1; wpn_ad_cookie=1; xv_nbview=1; xv_view=1; age_verified=1; platform=pc; has_js=1; 
[2025-05-19 21:54:24] [error] HTTP error: 404 for URL: https://www.xvideos.com/video.11704205/ (Final URL: https://www.xvideos.com/video.11704205/)
[2025-05-19 21:54:24] [info] Failed to access alphanumeric ID URL, trying embedded player
[2025-05-19 21:54:24] [info] Fetching URL: https://www.xvideos.com/embedframe.11704205 with referer: https://www.xvideos.com/
[2025-05-19 21:54:24] [info] Setting cookies: html5_pref=1; wpn_ad_cookie=1; xv_nbview=1; xv_view=1; age_verified=1; platform=pc; has_js=1; 
[2025-05-19 21:54:24] [error] HTTP error: 404 for URL: https://www.xvideos.com/embedframe.11704205 (Final URL: https://www.xvideos.com/embedframe.11704205)
[2025-05-19 21:54:24] [info] Failed to access embedded player for alphanumeric ID
[2025-05-19 21:54:24] [info] All standard approaches failed, trying alternative method
[2025-05-19 21:54:24] [info] Fetching URL: https://www.xvideos.com/video11704205/ with referer: https://www.xvideos.com/
[2025-05-19 21:54:24] [info] Setting cookies: html5_pref=1; wpn_ad_cookie=1; xv_nbview=1; xv_view=1; age_verified=1; platform=pc; has_js=1; 
[2025-05-19 21:54:24] [error] HTTP error: 404 for URL: https://www.xvideos.com/video11704205/ (Final URL: https://www.xvideos.com/video11704205/)
[2025-05-19 21:54:24] [info] Failed to access URL with mobile user agent
[2025-05-19 21:54:24] [error] Failed to extract XVideos content
[2025-05-19 21:54:24] [warning] No results found for xvideos video 11704205
[2025-05-19 22:00:59] [info] Bypassing cache for debugging xvideos video 52617199
[2025-05-19 22:00:59] [info] Cache miss for xvideos video 52617199
[2025-05-19 22:00:59] [info] Starting XVideos extraction for video ID: 52617199
[2025-05-19 22:00:59] [info] Trying direct access to embedded player
[2025-05-19 22:00:59] [info] Fetching URL: https://www.xvideos.com/embedframe/52617199 with referer: https://www.xvideos.com/
[2025-05-19 22:00:59] [info] Setting cookies: html5_pref=1; wpn_ad_cookie=1; xv_nbview=1; xv_view=1; age_verified=1; platform=pc; has_js=1; 
[2025-05-19 22:00:59] [info] Successfully fetched URL: https://www.xvideos.com/embedframe/52617199 (Final URL: https://www.xvideos.com/embedframe/52617199)
[2025-05-19 22:00:59] [info] Successfully accessed embedded player
[2025-05-19 22:00:59] [info] Using fallback thumbnail
[2025-05-19 22:00:59] [info] Trying to find video by searching for it
[2025-05-19 22:00:59] [info] Trying direct API access
[2025-05-19 22:00:59] [info] Fetching URL: https://www.xvideos.com/video-download/52617199/ with referer: https://www.xvideos.com/
[2025-05-19 22:00:59] [info] Setting cookies: html5_pref=1; wpn_ad_cookie=1; xv_nbview=1; xv_view=1; age_verified=1; platform=pc; has_js=1; 
[2025-05-19 22:00:59] [info] Successfully fetched URL: https://www.xvideos.com/video-download/52617199/ (Final URL: https://www.xvideos.com/video-download/52617199/)
[2025-05-19 22:00:59] [info] Trying different ID formats
[2025-05-19 22:00:59] [info] Checking for redirect: https://www.xvideos.com/video52617199/any_title
[2025-05-19 22:00:59] [info] Found redirect to: https://www.xvideos.com/video.kiidfef903a/any_title
[2025-05-19 22:00:59] [info] Found new ID format: kiidfef903a
[2025-05-19 22:00:59] [info] Fetching URL: https://www.xvideos.com/embedframe.kiidfef903a with referer: https://www.xvideos.com/
[2025-05-19 22:00:59] [info] Setting cookies: html5_pref=1; wpn_ad_cookie=1; xv_nbview=1; xv_view=1; age_verified=1; platform=pc; has_js=1; 
[2025-05-19 22:00:59] [error] HTTP error: 404 for URL: https://www.xvideos.com/embedframe.kiidfef903a (Final URL: https://www.xvideos.com/embedframe.kiidfef903a)
[2025-05-19 22:00:59] [info] Trying mobile user agent
[2025-05-19 22:00:59] [info] Fetching URL: https://www.xvideos.com/video52617199/ with referer: https://www.xvideos.com/
[2025-05-19 22:00:59] [info] Setting cookies: html5_pref=1; wpn_ad_cookie=1; xv_nbview=1; xv_view=1; age_verified=1; platform=pc; has_js=1; 
[2025-05-19 22:00:59] [error] HTTP error: 404 for URL: https://www.xvideos.com/video52617199/ (Final URL: https://www.xvideos.com/video52617199/)
[2025-05-19 22:00:59] [info] Trying hardcoded URL for video 52617199
[2025-05-19 22:00:59] [info] Fetching URL: https://www.xvideos.com/video.kiidfef903a/militar_do_exercito_super_dotado_comendo_a_esposa_novinha_de_corno_na_beira_da_piscina_com_o_corno_filmando with referer: https://www.xvideos.com/
[2025-05-19 22:00:59] [info] Setting cookies: html5_pref=1; wpn_ad_cookie=1; xv_nbview=1; xv_view=1; age_verified=1; platform=pc; has_js=1; 
[2025-05-19 22:00:59] [info] Successfully fetched URL: https://www.xvideos.com/video.kiidfef903a/militar_do_exercito_super_dotado_comendo_a_esposa_novinha_de_corno_na_beira_da_piscina_com_o_corno_filmando (Final URL: https://www.xvideos.com/video.kiidfef903a/super_gifted_army_military_man_eating_his_young_wife_with_a_cuckold_at_the_edge_of_the_pool_with_the_cuckold_filming)
[2025-05-19 22:00:59] [info] Found thumbnail: https://cdn77-pic.xvideos-cdn....
[2025-05-19 22:00:59] [info] Fetching URL: https://www.xvideos.com/embedframe.kiidfef903a with referer: https://www.xvideos.com/
[2025-05-19 22:00:59] [info] Setting cookies: html5_pref=1; wpn_ad_cookie=1; xv_nbview=1; xv_view=1; age_verified=1; platform=pc; has_js=1; 
[2025-05-19 22:00:59] [error] HTTP error: 404 for URL: https://www.xvideos.com/embedframe.kiidfef903a (Final URL: https://www.xvideos.com/embedframe.kiidfef903a)
[2025-05-19 22:00:59] [error] All approaches failed for XVideos video ID: 52617199
[2025-05-19 22:00:59] [error] Failed to extract XVideos content
[2025-05-19 22:00:59] [warning] No results found for xvideos video 52617199
